> Task :app:checkKotlinGradlePluginConfigurationErrors SKIPPED
> Task :app:preBuild UP-TO-DATE
> Task :app:preDebugBuild UP-TO-DATE
> Task :app:checkDebugAarMetadata UP-TO-DATE
> Task :app:generateDebugResValues UP-TO-DATE
> Task :app:mapDebugSourceSetPaths UP-TO-DATE
> Task :app:generateDebugResources UP-TO-DATE
> Task :app:mergeDebugResources UP-TO-DATE
> Task :app:packageDebugResources UP-TO-DATE
> Task :app:parseDebugLocalResources UP-TO-DATE
> Task :app:createDebugCompatibleScreenManifests UP-TO-DATE
> Task :app:extractDeepLinksDebug UP-TO-DATE
> Task :app:processDebugMainManifest UP-TO-DATE
> Task :app:processDebugManifest UP-TO-DATE
> Task :app:processDebugManifestForPackage UP-TO-DATE
> Task :app:processDebugResources FAILED
[Incubating] Problems report is available at: file:///C:/Documents/BCAF/FinPro/detectionimgmobile/build/reports/problems/problems-report.html
.\gradlew : 
At line:1 char:1
+ .\gradlew :app:compileDeb
ugKotlin > compile.log 2>&1
+ ~~~~~~~~~~~~~~~~~~~~~~~~~
~~~~~~~~~~~~~~~~~~~~~~~~~~~
    + CategoryInfo         
     : NotSpecified: (:St  
  ring) [], RemoteExcept   
 ion
    + FullyQualifiedErrorI 
   d : NativeCommandError
 
FAILURE: Build failed with 
an exception.

* What went wrong:
Execution failed for task '
:app:processDebugResources'
.
> Could not isolate paramet
ers com.android.build.gradl
e.internal.dependency.AarRe
sourcesCompilerTransform$Pa
rameters_Decorated@90288a4 
of artifact transform AarRe
sourcesCompilerTransform
   > Could not isolate valu
e com.android.build.gradle.
internal.dependency.AarReso
urcesCompilerTransform$Para
meters_Decorated@90288a4 of
 type AarResourcesCompilerT
ransform.Parameters
      > A build operation f
ailed.
            Could not move 
inconsistent immutable work
space (C:\Users\afitd\.grad
le\caches\8.11.1\transforms
\81c43b28adefb8206eae617c30
f83d7e) to temporary locati
on (C:\Users\afitd\.gradle\
caches\8.11.1\transforms\81
c43b28adefb8206eae617c30f83
d7e-7146df75-c329-44b7-ad71
-c6f3d6c37102)
         > Could not move i
nconsistent immutable works
pace (C:\Users\afitd\.gradl
e\caches\8.11.1\transforms\
81c43b28adefb8206eae617c30f
83d7e) to temporary locatio
n (C:\Users\afitd\.gradle\c
aches\8.11.1\transforms\81c
43b28adefb8206eae617c30f83d
7e-7146df75-c329-44b7-ad71-
c6f3d6c37102)

* Try:
> Run with --stacktrace opt
ion to get the stack trace.
> Run with --info or --debu
g option to get more log ou
tput.
> Run with --scan to get fu
ll insights.
> Get more help at https://
help.gradle.org.

Deprecated Gradle features were used in this build, making it incompatible with Gradle 9.0.

You can use '--warning-mode all' to show the individual deprecation warnings and determine if they come from your own scripts or plugins.

For more on this, please refer to https://docs.gradle.org/8.11.1/userguide/command_line_interface.html#sec:command_line_warnings in the Gradle documentation.

BUILD FAILED in 1s
13 actionable tasks: 1 executed, 12 up-to-date
